# Arc extensions for profile: #personal
# Install manually via Chrome Web Store or by opening:
#   https://chrome.google.com/webstore/detail/<extension-id>

aeblfdkhhhdcdjpifhhbdiojplfjncoa  # 1Password – Password Manager
edcebjbpihembjfeogmjamkphfhldnln  # BLUF: Summarize PDF, YouTube & Websites
gebbhagfogifgggkldgodflihgfeippi  # Return YouTube Dislike
ghnomdcacenbmilgjigehppbamfndblo  # The Camelizer
gighmmpiobklfepjocnamgkkbiglidom  # AdBlock
hlkenndednhfkekhgcdicdfddnkalmdm  # Cookie-Editor
idehaflielbgpaokehlhidbjlehlfcep  # Event Merge for Google Calendar™
jiaopdjbehhjgokpphdfgmapkobbnmjp  # Youtube-shorts block
lpgajkhkagnpdjklmpgjeplmgffnhhjj  # Trim: IMDB Rating on Netflix, Prime & Disney+
mfidniedemcgceagapgdekdbmanojomk  # Coupert - Automatic Coupon Finder & Cashback
nebkdnlhchcbbjpgfmhifafhfjipphgi  # Nuxt Assistant
niloccemoadcdkdjlinkgdfekeahmflj  # Save to Pocket
nmmicjeknamkfloonkhhcjmomieiodli  # YouTube Summary with ChatGPT & Claude
ocbklpkcikpidkleacbohkobinlilgbd  # ChatGPT for YouTube
onnfghpihccifgojkpnnncpagjcdbjod  # Proxy Switcher and Manager
